// Jest Snapshot v1, https://goo.gl/fbAQLP

exports[`programmatic test unit should fail a sequence 1`] = `
"[2mexpect([22m[31mreceived[39m[2m).toMatchObject([22m[32mexpected[39m[2m)[22m

Expected value to match object:
  [32m[\\"(DoeNOT)\\"][39m
Received:
  [31m[\\"(Doe)\\"][39m
Difference:
[32m- Expected[39m
[31m+ Received[39m

[2m  Array [[22m
[32m-   \\"(DoeNOT)\\",[39m
[31m+   \\"(Doe)\\",[39m
[2m  ][22m"
`;

exports[`programmatic test unit should fail a test 1`] = `
"[2mexpect([22m[31mreceived[39m[2m).toBe([22m[32mexpected[39m[2m) // Object.is equality[22m

Expected: [32m\\"(DoeNOT)\\"[39m
Received: [31m\\"(Doe)\\"[39m"
`;
